<html>
<body>
<pre>
<h1>µVision Build Log</h1>
<h2>Tool Versions:</h2>
IDE-Version: µVision V5.23.0.0
Copyright (C) 2017 ARM Ltd and ARM Germany GmbH. All rights reserved.
License Information: Micha³ Wieczorek WUT Flex license: MDK-ARM Professional (Eval) (mdk_pro_eval) Operation stops: 18 Jun 2017
 
Tool Versions:
Toolchain:       MDK-ARM Professional (Eval)  Version: 5.23
Toolchain Path:  D:\Keil_v5\ARM\ARMCC\Bin
C Compiler:      Armcc.exe V5.06 update 4 (build 422)
Assembler:       Armasm.exe V5.06 update 4 (build 422)
Linker/Locator:  ArmLink.exe V5.06 update 4 (build 422)
Library Manager: ArmAr.exe V5.06 update 4 (build 422)
Hex Converter:   FromElf.exe V5.06 update 4 (build 422)
CPU DLL:         SARMCM3.DLL V5.23
Dialog DLL:      DCM.DLL V1.15.0.0
Target DLL:      STLink\ST-LINKIII-KEIL_SWO.dll V2.0.18.0
Dialog DLL:      TCM.DLL V1.27.0.0
 
<h2>Project:</h2>
H:\Final plus comments\screen_rfid_uart_lib_3\MDK-ARM\main.uvprojx
Project File Date:  06/14/2017

<h2>Output:</h2>
*** Using Compiler 'V5.06 update 4 (build 422)', folder: 'D:\Keil_v5\ARM\ARMCC\Bin'
Build target 'main'
compiling stm32f4xx_it.c...
compiling uart.c...
compiling rc522.c...
compiling main.c...
compiling util.c...
compiling LC256.c...
compiling ili9341.c...
compiling lcd.c...
compiling stmpe811.c...
compiling system_stm32f4xx.c...
compiling stm32f429i_discovery_ts.c...
compiling stm32f429i_discovery_sdram.c...
compiling stm32f429i_discovery.c...
compiling stm32f429i_discovery_lcd.c...
linking...
Program Size: Code=27156 RO-data=9064 RW-data=208 ZI-data=2552  
"main\main.axf" - 0 Error(s), 0 Warning(s).

<h2>Software Packages used:</h2>

Package Vendor: ARM
                http://www.keil.com/pack/ARM.CMSIS.5.0.1.pack
                ARM::CMSIS:CORE:5.0.1
                CMSIS (Cortex Microcontroller Software Interface Standard)
   * Component: CORE Version: 5.0.1

<h2>Collection of Component include folders:</h2>
  .\RTE\_main
  D:\Keil_v5\ARM\PACK\ARM\CMSIS\5.0.1\CMSIS\Include
  D:\Keil_v5\ARM\PACK\Keil\STM32F4xx_DFP\2.11.0\Drivers\CMSIS\Device\ST\STM32F4xx\Include

<h2>Collection of Component Files used:</h2>

   * Component: ARM::CMSIS:CORE:5.0.1
Build Time Elapsed:  00:04:56
</pre>
</body>
</html>
